=== CN vs ADV++ for (2,q)-biclique counting ===
Rounds: 30
Start: Wed Feb 25 05:18:51 PM UTC 2026

[17:18:51] co CN (2,2) eps=1.0...
  -> 61 lines
[17:18:52] co ADVpp (2,2) eps=1.0...
  -> 31 lines
[17:18:53] co CN (2,2) eps=1.5...
  -> 61 lines
[17:18:54] co ADVpp (2,2) eps=1.5...
  -> 31 lines
[17:18:54] co CN (2,2) eps=2.0...
  -> 61 lines
[17:18:55] co ADVpp (2,2) eps=2.0...
  -> 31 lines
[17:18:56] co CN (2,2) eps=2.5...
  -> 61 lines
[17:18:56] co ADVpp (2,2) eps=2.5...
  -> 31 lines
[17:18:57] unicode CN (2,2) eps=1.0...
  -> 61 lines
[17:18:59] unicode ADVpp (2,2) eps=1.0...
  -> 31 lines
[17:19:00] unicode CN (2,2) eps=1.5...
  -> 61 lines
[17:19:02] unicode ADVpp (2,2) eps=1.5...
  -> 31 lines
[17:19:04] unicode CN (2,2) eps=2.0...
  -> 61 lines
[17:19:06] unicode ADVpp (2,2) eps=2.0...
  -> 31 lines
[17:19:07] unicode CN (2,2) eps=2.5...
  -> 61 lines
[17:19:09] unicode ADVpp (2,2) eps=2.5...
  -> 31 lines
[17:19:10] lrcwiki CN (2,2) eps=1.0...
  -> 61 lines
[17:19:24] lrcwiki ADVpp (2,2) eps=1.0...
  -> 31 lines
[17:19:30] lrcwiki CN (2,2) eps=1.5...
  -> 61 lines
[17:19:42] lrcwiki ADVpp (2,2) eps=1.5...
  -> 31 lines
[17:19:48] lrcwiki CN (2,2) eps=2.0...
